>sequence00
TCCTTTGAAGTTAAGTTGAGACCAAGAGCATCTGTGATCCAGGGCCTGCCACACGTGAGCGCGCTCCGGCGCGAGGGAGC
>sequence01
AGCTGTGCATGCGCGCGCAAACAAGGCATGAGTCACTCCTCGCGGTAAAGGACGAGTCATGCCTCGATGAGAACACCCGA
>sequence02
CGCGCATACCTATGTAGAGCAGCAAGAATGAGTGTTTCCGCACCCCGTTAGCGTCCAACTCCGAACAATCGAGGAAGGTA
>sequence03
ATGGTACGTCACTGGATTGACATCGAGGCGCCTAAAACACATTAAAAACGTTCGGACATTGTATGATAGCCCCGATATAT
>sequence04
GAACAGGGAATGTCAAAAAAGGGGCGTGCTGCAGAACCCCCTCACTCATGCAATACCCGCGACCTGCTTATTCAGCGCAG
>sequence05
GAATGTGTCCGTCGCCTACCGATTTTGCCCTCGCTGATGAGACTGCGGAACACGCACGGTTCTTAGGCTAACATCATCCT
>sequence06
ATTTCAGAGACCCTTGTGGTAGGCTGCTAGTTGCAAATGCGCAGTGTCCAGTGCTTTAAATTACTAGCAGACCGTTTCCT
>sequence07
GGTCGGGTATACCTGAGTGTGGCCACGCAACCGGTGGTGCCGCATAGGAGATTAGACGTGTGCAAGTGTTGGTGGTTTGT
>sequence08
AAGTGGAGTTTTCTCGAGCCGCCCACTAGTGGGTACCGGTGTGCACACTAACGATGGCATAGCGACCGAAAAGCGCGGAA
>sequence09
TCACCCCGAACCATCAACACCGTACAGGCCACGGGGTCCCGAAGGGAGTACACCACCAGTAGGTCGTGTTGGAGGGGAGG
>sequence10
ATAATTCGTTAAACGCCGCCAGATTTCCGGTTTACGCCATCGCTTCAGGCATGGCGCTTCAGTTTGGTCCTCACGACCGC
>sequence11
GGGTTTGGAGGATGCGAGCAAAGTAGTCAGCGGAAGATGTGCCATCATGTCCTGTAAGTTGTGGTCCTTGTAAGTTGTTC
>sequence12
GGACACCAGATGCCCCTGGCACAACTTCATGTCCCTGCACCGAGCGGCCGCACCCCACGAACCGCGGAAATCAGATATTC
>sequence13
TCCGTAGAATGTTTCTTTTCATCCTTGTTAACCGCTATCTGAGTAGCCCCGTGGCACTCAAAACGAGATTCAGTTTAGCC
>sequence14
CAAGCAGGTCCGTGGGACTCATAGAGATCTGTTACGAGGATCACTTTGACTCCCCCTTTACACGTACTAGAAGCGTATTG
>sequence15
CGTCTTCTAGTCAGGTAGTAAGGACGTTTGTAGCGCGGCAGCTCAGGGTAGAGCAGGATCCCTTGCACGCAGAGTTTTAG
>sequence16
TGGGCTGACTTTTTTATACGGCTAAACTGCTTCGCCAGTAAGGGTATGACACAACGAGGTTTATCCAGCCGCATCCTTCA
>sequence17
CTGATGTTATCAACCTTTGGTACTTGAGATTTAATTACTGCCGAGGTGACTCTTCTTTCGACGCTAGTATACAACATATC
>sequence18
GACATGTTGGTGGAAGCACCGCCCTCGCAGACCAAGTTTTCACGTCGCAATCCTTTCTAGTCCCGTCTAGGCATCAAGTA
>sequence19
AATTGGTAGGCATATCAGGCTGACGTGGGACCTCCGACCTATGGTGTGAATCTAAGTCTACCACCGCGTAGAGCCAAGAC
>sequence20
GGGGATTTGTCAATATGTCAGCCACGAAAAAACCTTAGGAGAGTCGTGTCGTCTTTCACTCCATACGCCGGCGACCGTCT
>sequence21
ATTCGTCTTAATAGAAAACCTAAATCGATCAGCGCGTCATGTATAGGATCGTCGGCAGTAAGTGTGCATGATCCGAAAAG
>sequence22
ACGCGGTTTATCTTTCTTCAGGAGGATTCTATAAGACCAATCAAGACTCCGGCATTTAAGGCTGGCACATCATCAAAAAC
>sequence23
AGGAGTGAGCAGATTCTACGATCTTAAATAAACTGTCAAGATTAGCACGTTGGCATATTTACGGTATTCTAAACTCCGTG
>sequence24
CGCAACCTCGAGTACTAGCCAAGATTGTATTCCCGCGGCCCCCTACTTTCGTATCAAGCTACGACGCCGAGTGACCGGGC
>sequence25
TACCGGCGCCTCTGAAAAGCCCCCCAGAGCTCCCCTCCATCATGTTTAAAAAAACAGACGTGTTCTCCATCTAGTATCTG
>sequence26
TAGCGTGCGTCGGCCAATTCGAATATATGGGTAGCCTTCAAGACTGTCTTCGTACTCTTGAGAACGTTGACCGGATGCGC
>sequence27
AACTCTACTAGGACGGAGTAGATGTTTTGTTAAATTGGATTATTCGTGTCACGTGTAGCAGGTCCTTCGGATACCACATT
>sequence28
AGCCAGGCCAATCAAGAACTTAGCGATCAGCGCTGGCCGCGGTGGGGGGCTATGTGTGAATTCGTTCCGAGGCGCGCCGT
>sequence29
GTGGGGCGAGTTACCCTAATAGTATACAAGTGCAGTTCGGGACCGACATGCCAGCTATTTGCATTAGATACGGTTAAAGT
>sequence30
CCTTCGCCGGGCCCCACAAGTAGGTACCGCCAGCTATATCATCTCTGGGTTGTCCTGTGTTTCGGTGACCGTTAAGCTGA
>sequence31
AACGCGGTGTTAGTCACCGTGGAACATATGAAATATAATGATAACAATGCTTTAGGAATCCATTTCAAAGCTCCCCTAGG
>sequence32
GTATGTTTGGGGTGAGGATGCTACCGGTAACGGGGGGTTCGCCGTTTTAACTTCACCACGGCTCTATCGGGTAAATCTGC
>sequence33
TGGCGAGCCCACCCCATGATAGTCTTCATGGCCGAGTTTCGGCCCACGTCACTAGAACATGTTCGGCTGTCCAAGCACAC
>sequence34
GGCGCTTTGCTTGAAGAGAACGATTAACGCTTATTCAGCTGCTTTTCCGAAGGTAGTCAAGAACAGCAAATCGAGGTCTC
>sequence35
GGCGTCGGTACCAGACATGTAATGACATGATGCTACGTTAAGGGGACGCTGCGTCTGGTCTGGAAGTCTCAGATTTCTAC
>sequence36
TATTAGTAGAAGCTATTCGTATGCCTAACCGGAGAGACGTTCCGAGAGGTTTATACCCAGGATGTTACTCTTTAAAATCA
>sequence37
GAGGACGTAGGTGCCGGCGGGTTGGCGTATAGCAAACGATTTTCACCTATCTTTGTGTGCTCAGCAAACGGGCGGCCTCG
>sequence38
CTGTCCCCAAATCTAAGTACTAAGACTACGTTAGCCTTTAGATGACGGGAATTATCGCTAAATTGTCAAGGGCATTAGCC
>sequence39
TTATAGGAAAATCGAAGTGTGCCCGTGGATACAACGTGAGAAGGGATGTCCCCCCCCGGGGGCTTCACCTCCCTGCGTCG
>sequence40
GGCGGCAGTCCACCGAGGTGTAGGTTTCGCGAAGGACCGTGGGCCTGTCAATTGCATGTCCACATCTCATCAGATGGTAA
>sequence41
TCCGTAAAATATCGGAGTCAGAGTGTCTCTCGCGCGAACTCGCCAGCTCACTATGCTCAACAAACGTATACTGCGTAAAT
>sequence42
AGAGGGGCTCCAGACTTAGTCTGAGAGTTAGCCAGTAGGGTACTATTGCGACTTTATTAACCTCTAAGGCGAGTGAGGGG
>sequence43
TGCTGTTCCAATTCGGTCTCCGCGACGGTGAACACAGACTAGTACTCCCATCTTACAATGTGGGTTGGCTAGCGGTGAGC
>sequence44
CACCTAGAAGCAGTCTCGAGGTCAGTCGACCTTGAGGGACATCTTCTCGGTACTGGGGGCGGCTCAACAAGCTGGGGTGG
>sequence45
GGCACAGCGGCTGTAATATTAGCGGAAACACTTATGCCTGATTATTCGTTTGCAGAGTCTCGTTAGTCACGACTTCGAAC
>sequence46
GATCGTAGTGTGAGAACCCGTCTGTGCTGGAATCGCGTGAATCTATAATAAAAACGTCCCCGGGCGGCATCTACCGCGAG
>sequence47
CACTGGATGTGGAATAAGTACCTGCGAATTCTGACAATTCTGCTCTACGTGCTAGCGCGGGGTACAAGCCGGCCATTTCT
>sequence48
AGGCTGTACCTGCCAGCCTCTCTCTTCCCCCCGGGGTCTTTATGTTTTTCTTGACCTGCTATGACTTTCGCGTAACAGCC
>sequence49
TTGGCACCTAAATTGCAGCCGAGACTTGCCGTCTAATCCGAAACACTGTATGAACATAAGCCATAAGAGCCTGTACACCC
>sequence50
CGAGAGTCGGCTTACGTTTGTGGCTTAGACTGGAGTAGGATATAGCGAATGACATCGTCTCGCCTGTAAGGTCAGCACTC
>sequence51
CTAAATTCATCCGCTTAACTGACGTTCCGTTAATTACGTTGGGCGCCCCGCAATGCGCTCCCCAGTCGAGGGTAGCGTAT
>sequence52
CGTGAGACAGTCCACTCTAGGGGGCATATCATTCCACATTGGAGCCCGCTAGGTCGAGTACGAATAGCAGCCCCGGGGTG
>sequence53
CTCACCGAATTGGAAGTTTGCACTCACACCTGAAATAAGTTAGGATCATAGATTTCAGATGTATAGTCCCGTGAACCGCA
>sequence54
GACTCTTTGATACTGCGTGAAAATGTACTGAACTGAACCTGTAGTGGCAGTGCGATATTTGAGATACATCATAGTGCCGA
>sequence55
CGTCTCGACGTTGTCTGTCTCTAGCAATCTACCTCAGGGCCACATTGGGATTCATGCCTGATTGGGGCTCAGTTTCGCCC
>sequence56
AGGGCCCACGGAATCCTAAAGGGGGATCATACCACTTCTCCCCTGACATAATTGAGGTGAGATGGCCTTGGGTCCGATAG
>sequence57
CTTAATTCTATTACTCAAACATATCGGCATCGGAGACGGACTGCCCTCCAGAACCCTGCCGATCAAGACGAGCATCACGG
>sequence58
GGTCGAGGCCGCCCGTGTGATCAGGGCGCTGACTCTGGGGACATGAACCCGACCTGTCAGGCACCTGGTGATACCGAAAA
>sequence59
GGTCTGGTGAGAAAACGCAAGATTTCCAACGCGGGTCGTCCCCTCTGCAGATAATCTTTGTAACGAATCCCGTCATTATG
>sequence60
GCGGCCTTTAAGGGGGTCACATAAGAGGGGTAAGTAAGCATCCCACTTGGAACTTGACCCGAAACGTTGTCGGGGCCCAT
>sequence61
TTATCATAATCGGATTGAGACCACAACACACGAGGGGTTTCCGCGGTGTGTGTGTTACAAGAAATCAGTTCGAATGTTCT
>sequence62
GAAAGGTGCACGTGTAGCGTGCCGAGCTACGGGGATCATTCGATAGGTTCACTACATGCGCTTCGCTCAGTCGCACTAAT
>sequence63
ATAGACTCGCTAAATCGCTGCAGCCTTAGTCTTTAGCTGCAAATATTCAAAACTCACGTCTGCCCACCTGTGGTGAGACC
>sequence64
CCTCATCTCAGTCCTCAATATTCCGCGCCGGGAGTCCTAATTACATGAGGCCCGTCGATCATCTGGAATGCTGATTATTG
>sequence65
CTCGGTATAATCCTCGTGTAAATATGTATTGGAAGTGTACTCTGCGGACGACTCTGAAGAGGACTTGTCTAAATTGGAGC
>sequence66
CATCGGACAAAGGGGTCCCCGACTGCAAGGCGTTGTCGTTTATGACTCGAGCCTACCCATCTCAAACCACATAAACCAGA
>sequence67
TCACCCAAACCAATCAGAGAGTGGTAATGGCGGTCCTGGGATATAGGACAATGTAGAGGGGAATAGGAGTATCACTTTGT
>sequence68
GAGGGGGAGCACCAGTATTCAAGAAACCAGAGGGGAATTACCCTCCGGGTCTCGCTCTTTAATTGTAGGAATTGAGCGAG
>sequence69
TCATTGACCTCTATGTGCCCCCCTATCTTGTGCCCGCACGGCACTTGCAGGCCACGGTGCCCCGCGCGTTGGTAGTGTCA
>sequence70
TTCGAGTACGAAGTGCCAAGGTGCTGGTATCCTCCCTGCATTGATTGACGTCCGCATATTAAACATTCCGCCCGTACTAC
>sequence71
CGATTCTCATATAGCAGGGCAAATGAATACCTTTTATACGCCTCTTCGGAGGGGACTTGGTAAATACTAAACTCGCTAGC
>sequence72
TGGAAAAAAGGTGAGGAGATTACCCATGATAATGCTATCGATATTCCAACCCGGAACACGCCTACAGAAACGTGACGCTA
>sequence73
TTGAGCGCGTTATTTGATGCGTGGGCCCACAGGTTTACTGGACCTACGCCGTGACCGTAACACACCGTGAGGTACTTGAG
>sequence74
GCCTATGTGGTGGTTGCAGGGCTAGCCTTCAGGATTCTATAGTGTAAACCGGATTGTTTAGATCTTCATGGCAGATTATC
>sequence75
ATGGGTCCCTCACTAGGCACAAATTTGACGCGCTACACACTGTCTTGGACTTAGGGCACTGTTTAATGACGCGGGTAATT
>sequence76
CTATACGTCGGAGCAATTGCCGGACTCATGTGGTGCATTGTCCGTCTAGATATCCACCATGCCCTATATATCGACTCAAA
>sequence77
GGGTTATCGTGATAGGTCCTCCGAGCCGTCCGGAATTACTCAGCGAGAACAGGATTCCTAGCGGACTCGCCCTAGTGAGT
>sequence78
TCGTAGTCAACAACGGAAGCTCGCTCTTATATACGGGTCGAGCGTCTCAGCGATCTCACTTCGACCATTAGGCCTAATCC
>sequence79
TAAATGCCGAGTAATCGGGGAGCAGTAACTCTAATCCAACCGTATCACTTACACGCTCAAGTCTAATCACTGATTCTTTC
>sequence80
TAAACCGGGGCCCGCTGAGAGAACGCCACAAGACGCTAACGATCCGGGCCATCCGACATGTAGATGCATCTGATTTAGTC
>sequence81
CAGGACGCTAAGTCGAACTCTTTTCACCGGAAGGCATATGAGTTTAAGATACCGATACCATCCGAGCATTCTATGGTCAC
>sequence82
GATACTACAGTCTTGCAAGGCCTCAGAGGCGAGGAACTGATTCGTTAGTGCAGGTGGCCTATGGGGTGTGCACTCTAAAC
>sequence83
CGCGGGGAAGGGTGCTCAGTACCACCTGGCGACGCCATTTCTGTGGGTCCACGTCCACGAAAAGCGCATCTGTTAGTGAA
>sequence84
CGCTCGCGAATATCCTTTTGCGTGTAAGAAAAGTCACCTCGTTAGTAGACTCATTTCAGAATGAAAGCTAGGATCGAATA
>sequence85
TGGAGTAAAATGGTAAGAAAGGATTAAATTGAAAGTTACCAACCGAGACTGCGGCGTTACGAGTTTAATCACGACTGACC
>sequence86
GTAATAATCAGCTAAAAACGGGGGAATTGTTGTAAATATGATTGAGGCGCTGTCGATGGAAGTGAGGTGGAGTAAATGAT
>sequence87
GCGATATACCGCATTGTCATACATTAGCGCATCTCTGCCGCTATGTACGGACGTCGCACTTGCATTTTAACCCGTACGTG
>sequence88
CTACTCCCGGCTCCCTCGGGATTTTGTTTTGATTACCGCACGAGGATGACGCAATTGCGCATATGTACATGTAGGGCCCG
>sequence89
CCGTAGAGTAATTCAAATTAGGAGAGTAAGACGTCGCGAAGATCCCTGGTCATCCGTAAATCTGGGATCCCGATCTTGAG
>sequence90
GCTTGTATATGGATCGGCAAATATTTGTCGGTCGTGCCTCCTTTAACATATGCTATTTGTTCCCCCGGATACTCTCACCA
>sequence91
TAAGGCTGATAGCCGGAGACAGTTTCAGTCACGCTCACCAATTCTTCAGTGCAGCTATTTCGCTTGTAATAAGTTCTAAC
>sequence92
GTATTTCTATGCTAGCACGATGTCCAGACCGGCCGAAATCGGGCTGTTGTTCGCCGCCCGTATCAGGTCTAGTTAACGAA
>sequence93
TGATGCAGACATAGAATACGCCTGGTTGCACTGTGATTTCTCTCCGCCGAAGTCGCACAGGGGCGCAAGATTCATTTCTT
>sequence94
CTCCCGCGTCTAGCGAATAGCCCATCCGTGAAGCCCTCGAAAGTCTTTTTGGGTCCCATTTAATACACGCTAGGACCCGT
>sequence95
ATACAGGAAACAGCCGTTCGAGAGTATATATGGGAGCGCGACTGAGTAATATTTTTGGGTCCATTGTTGTAGTTCAGAAG
>sequence96
AGTGGTGACTGTCGGACCCCTAACACAAATACAGATATCCGCACATCCATCTTTAGGTTAATAGCAGTCCCAGGCCGCAG
>sequence97
GTGGCAATCGGAAGCCCTATCACGGAATAAGCCCATAGCTATACGGTGTTTATTAGCCGGGGACTCACTCCCATACAGTA
>sequence98
GCGGAGGATTTGGAGAGACCTTTATTAAAGGCCCTCGCTATGGGAACTAGGTCAGTTAGGACCTAGAGACGGAACCTATA
>sequence99
TACTCCTTGAAGCAATACGAATACCCTGCCCGGTGCAAGTCTGCCACCAGACAATAGTTTTGTCCTCAGACGGACTTTCC
